The project was built assuming it is hosted at /.
You can control this with the homepage field in your package.json.

The build folder is ready to be deployed.
You may serve it with a static server:

  npm install -g serve
  serve -s build

Find out more about deployment here:

  bit.ly/CRA-deploy

root@DELRHDERS001U:/opt/ER_Linux/frontend# ^C
root@DELRHDERS001U:/opt/ER_Linux/frontend# ls -l etc/ssl.religare
ls: cannot access 'etc/ssl.religare': No such file or directory
root@DELRHDERS001U:/opt/ER_Linux/frontend# ls -l etc/ssl/religare
ls: cannot access 'etc/ssl/religare': No such file or directory
root@DELRHDERS001U:/opt/ER_Linux/frontend# cd
root@DELRHDERS001U:~# ls -l etc/ssl/religare
ls: cannot access 'etc/ssl/religare': No such file or directory
root@DELRHDERS001U:~#
