root@DELRHDERS001U:~# sudo rm -f /usr/share/keyrings/mongodb-server-6.0.gpg
sudo rm -f /etc/apt/sources.list.d/*mongodb*.list
sudo apt clean
root@DELRHDERS001U:~# git clone https://github.com/SomethingForWork/tests.git || true
fatal: destination path 'tests' already exists and is not an empty directory.
root@DELRHDERS001U:~# sudo gpg --dearmor < tests/server-6.0.asc > /usr/share/keyrings/mongodb-server-6.0.gpg
root@DELRHDERS001U:~# file /usr/share/keyrings/mongodb-server-6.0.gpg
/usr/share/keyrings/mongodb-server-6.0.gpg: OpenPGP Public Key Version 4, Created Wed Feb 23 15:11:54 2022, RSA (Encrypt or Sign, 4096 bits); User ID; Signature; OpenPGP Certificate
root@DELRHDERS001U:~# echo "deb [signed-by=/usr/share/keyrings/mongodb-server-6.0.gpg] https://repo.mongodb.org/apt/ubuntu jammy/mongodb-org/6.0 multiverse" | sudo tee /etc/apt/sources.list.d/mongodb-org-6.0.list
deb [signed-by=/usr/share/keyrings/mongodb-server-6.0.gpg] https://repo.mongodb.org/apt/ubuntu jammy/mongodb-org/6.0 multiverse
root@DELRHDERS001U:~# sudo apt update
sudo apt install -y mongodb-org
Hit:1 https://deb.nodesource.com/node_18.x nodistro InRelease
Get:2 https://repo.mongodb.org/apt/ubuntu jammy/mongodb-org/6.0 InRelease [4,009 B]
Hit:3 http://archive.ubuntu.com/ubuntu jammy InRelease
Err:2 https://repo.mongodb.org/apt/ubuntu jammy/mongodb-org/6.0 InRelease
  The following signatures couldn't be verified because the public key is not available: NO_PUBKEY 6A26B1AE64C3C388
Hit:4 http://archive.ubuntu.com/ubuntu jammy-updates InRelease
Hit:5 http://archive.ubuntu.com/ubuntu jammy-backports InRelease
Hit:6 http://archive.ubuntu.com/ubuntu jammy-security InRelease
Reading package lists... Done
W: GPG error: https://repo.mongodb.org/apt/ubuntu jammy/mongodb-org/6.0 InRelease: The following signatures couldn't be verified because the public key is not available: NO_PUBKEY 6A26B1AE64C3C388
E: The repository 'https://repo.mongodb.org/apt/ubuntu jammy/mongodb-org/6.0 InRelease' is not signed.
N: Updating from such a repository can't be done securely, and is therefore disabled by default.
N: See apt-secure(8) manpage for repository creation and user configuration details.
Waiting for cache lock: Could not get lock /var/lib/dpkg/lock-frontend. It is held by process 259462 (apt)
Waiting for cache lock: Could not get lock /var/lib/dpkg/lock-frontend. It is held by process 259462 (apt)
Waiting for cache lock: Could not get lock /var/lib/dpkg/lock-frontend. It is held by process 259462 (apt)
Waiting for cache lock: Could not get lock /var/lib/dpkg/lock-frontend. It is held by process 259462 (apt)
Waiting for cache lock: Could not get lock /var/lib/dpkg/lock-frontend. It is held by process 259462 (apt)
Waiting for cache lock: Could not get lock /var/lib/dpkg/lock-frontend. It is held by process 259462 (apt)
Waiting for cache lock: Could not get lock /var/lib/dpkg/lock-frontend. It is held by process 259462 (apt)
Waiting for cache lock: Could not get lock /var/lib/dpkg/lock-frontend. It is held by process 259462 (apt)
Waiting for cache lock: Could not get lock /var/lib/dpkg/lock-frontend. It is held by process 259462 (apt)
Waiting for cache lock: Could not get lock /var/lib/dpkg/lock-frontend. It is held by process 259462 (apt)
Waiting for cache lock: Could not get lock /var/lib/dpkg/lock-frontend. It is held by process 259462 (apt)
Waiting for cache lock: Could not get lock /var/lib/dpkg/lock-frontend. It is held by process 259462 (apt)
Waiting for cache lock: Could not get lock /var/lib/dpkg/lock-frontend. It is held by process 259462 (apt)
Waiting for cache lock: Could not get lock /var/lib/dpkg/lock-frontend. It is held by process 259462 (apt)
Waiting for cache lock: Could not get lock /var/lib/dpkg/lock-frontend. It is held by process 259462 (apt)
Waiting for cache lock: Could not get lock /var/lib/dpkg/lock-frontend. It is held by process 259462 (apt)
Waiting for cache lock: Could not get lock /var/lib/dpkg/lock-frontend. It is held by process 259462 (apt)
Waiting for cache lock: Could not get lock /var/lib/dpkg/lock-frontend. It is held by process 259462 (apt)
Waiting for cache lock: Could not get lock /var/lib/dpkg/lock-frontend. It is held by process 259462 (apt)
Waiting for cache lock: Could not get lock /var/lib/dpkg/lock-frontend. It is held by process 259462 (apt)
Waiting for cache lock: Could not get lock /var/lib/dpkg/lock-frontend. It is held by process 259462 (apt)
Waiting for cache lock: Could not get lock /var/lib/dpkg/lock-frontend. It is held by process 259462 (apt)
Waiting for cache lock: Could not get lock /var/lib/dpkg/lock-frontend. It is held by process 259462 (apt)
Waiting for cache lock: Could not get lock /var/lib/dpkg/lock-frontend. It is held by process 259462 (apt)
Waiting for cache lock: Could not get lock /var/lib/dpkg/lock-frontend. It is held by process 259462 (apt)
Waiting for cache lock: Could not get lock /var/lib/dpkg/lock-frontend. It is held by process 259462 (apt)
Waiting for cache lock: Could not get lock /var/lib/dpkg/lock-frontend. It is held by process 259462 (apt)
Waiting for cache lock: Could not get lock /var/lib/dpkg/lock-frontend. It is held by process 259462 (apt)
Waiting for cache lock: Could not get lock /var/lib/dpkg/lock-frontend. It is held by process 259462 (apt)
Waiting for cache lock: Could not get lock /var/lib/dpkg/lock-frontend. It is held by process 259462 (apt)
Waiting for cache lock: Could not get lock /var/lib/dpkg/lock-frontend. It is held by process 259462 (apt)
Waiting for cache lock: Could not get lock /var/lib/dpkg/lock-frontend. It is held by process 259462 (apt)
Waiting for cache lock: Could not get lock /var/lib/dpkg/lock-frontend. It is held by process 259462 (apt)
Waiting for cache lock: Could not get lock /var/lib/dpkg/lock-frontend. It is held by process 259462 (apt)
Waiting for cache lock: Could not get lock /var/lib/dpkg/lock-frontend. It is held by process 259462 (apt)
Waiting for cache lock: Could not get lock /var/lib/dpkg/lock-frontend. It is held by process 259462 (apt)
Waiting for cache lock: Could not get lock /var/lib/dpkg/lock-frontend. It is held by process 259462 (apt)
Waiting for cache lock: Could not get lock /var/lib/dpkg/lock-frontend. It is held by process 259462 (apt)
Waiting for cache lock: Could not get lock /var/lib/dpkg/lock-frontend. It is held by process 259462 (apt)
Waiting for cache lock: Could not get lock /var/lib/dpkg/lock-frontend. It is held by process 259462 (apt)
Waiting for cache lock: Could not get lock /var/lib/dpkg/lock-frontend. It is held by process 259462 (apt)
^Ziting for cache lock: Could not get lock /var/lib/dpkg/lock-frontend. It is held by process 259462 (apt)... 41s
[7]+  Stopped                 sudo apt install -y mongodb-org
root@DELRHDERS001U:~# sudo systemctl enable mongod
sudo systemctl start mongod
Failed to enable unit: Unit file mongod.service does not exist.
Failed to start mongod.service: Unit mongod.service not found.
root@DELRHDERS001U:~#
