Find out more about deployment here:

  bit.ly/CRA-deploy

root@DELRHDERS001U:/opt/ER_Linux/frontend# ^C
root@DELRHDERS001U:/opt/ER_Linux/frontend# ls -l etc/ssl.religare
ls: cannot access 'etc/ssl.religare': No such file or directory
root@DELRHDERS001U:/opt/ER_Linux/frontend# ls -l etc/ssl/religare
ls: cannot access 'etc/ssl/religare': No such file or directory
root@DELRHDERS001U:/opt/ER_Linux/frontend# cd
root@DELRHDERS001U:~# ls -l etc/ssl/religare
ls: cannot access 'etc/ssl/religare': No such file or directory
root@DELRHDERS001U:~# ^C
root@DELRHDERS001U:~# ls -l /etc/ssl/religare
total 4
-rw-r----- 1 root root 2269 Jul 14 17:49 religare.in.crt
root@DELRHDERS001U:~#
