root@DELRHDERS001U:~# sudo rm /etc/apt/sources.list.d/mongodb-org-8.0.list 2>/dev/null
root@DELRHDERS001U:~# ls -l /usr/share/keyrings/mongodb-server-6.0.gpg
-rw-r----- 1 root root 1691 Jul 14 13:38 /usr/share/keyrings/mongodb-server-6.0.gpg
root@DELRHDERS001U:~# echo "deb [signed-by=/usr/share/keyrings/mongodb-server-6.0.gpg] https://repo.mongodb.org/apt/ubuntu jammy/mongodb-org/6.0 multiverse" | sudo tee /etc/apt/sources.list.d/mongodb-org-6.0.list
deb [signed-by=/usr/share/keyrings/mongodb-server-6.0.gpg] https://repo.mongodb.org/apt/ubuntu jammy/mongodb-org/6.0 multiverse
root@DELRHDERS001U:~# sudo apt update
sudo apt install -y mongodb-org
Hit:1 https://deb.nodesource.com/node_18.x nodistro InRelease
Hit:2 http://archive.ubuntu.com/ubuntu jammy InRelease
Get:3 https://repo.mongodb.org/apt/ubuntu jammy/mongodb-org/6.0 InRelease [4,009 B]
Err:3 https://repo.mongodb.org/apt/ubuntu jammy/mongodb-org/6.0 InRelease
  The following signatures couldn't be verified because the public key is not available: NO_PUBKEY 6A26B1AE64C3C388
Hit:4 http://archive.ubuntu.com/ubuntu jammy-updates InRelease
Hit:5 http://archive.ubuntu.com/ubuntu jammy-backports InRelease
Hit:6 http://archive.ubuntu.com/ubuntu jammy-security InRelease
Reading package lists... Done
W: GPG error: https://repo.mongodb.org/apt/ubuntu jammy/mongodb-org/6.0 InRelease: The following signatures couldn't be verified because the public key is not available: NO_PUBKEY 6A26B1AE64C3C388
E: The repository 'https://repo.mongodb.org/apt/ubuntu jammy/mongodb-org/6.0 InRelease' is not signed.
N: Updating from such a repository can't be done securely, and is therefore disabled by default.
N: See apt-secure(8) manpage for repository creation and user configuration details.
Reading package lists... Done
Building dependency tree... Done
Reading state information... Done
E: Unable to locate package mongodb-org
root@DELRHDERS001U:~# gpg --show-keys /usr/share/keyrings/mongodb-server-6.0.gpg
pub   rsa4096 2022-02-23 [SC] [expires: 2027-02-22]
      39BD841E4BE5FB195A65400E6A26B1AE64C3C388
uid                      MongoDB 6.0 Release Signing Key <packaging@mongodb.com>

root@DELRHDERS001U:~#







